Tcl/Tk 8.5 built on Mon Jun 24 04:46:06 2019 by user 'dmironov' on host 'dfm.ucsd.edu' 
